{"level":"info","message":"MongoDB connected","timestamp":"2025-05-17T19:27:50.890Z"}
{"level":"info","message":"Kafka connection established","timestamp":"2025-05-17T19:27:51.527Z"}
{"level":"info","message":"Retry service started","timestamp":"2025-05-17T19:27:55.712Z"}
{"level":"info","message":"Server running on port 3000","timestamp":"2025-05-17T19:27:55.778Z"}
{"level":"error","message":"Error in createUser Cannot destructure property 'name' of 'req.body' as it is undefined.","stack":"TypeError: Cannot destructure property 'name' of 'req.body' as it is undefined.\n    at createUser (C:\\Users\\KIIT\\Project\\notification-service\\controllers\\userController.js:8:13)\n    at Layer.handleRequest (C:\\Users\\KIIT\\Project\\notification-service\\node_modules\\router\\lib\\layer.js:152:17)\n    at next (C:\\Users\\KIIT\\Project\\notification-service\\node_modules\\router\\lib\\route.js:157:13)\n    at Route.dispatch (C:\\Users\\KIIT\\Project\\notification-service\\node_modules\\router\\lib\\route.js:117:3)\n    at handle (C:\\Users\\KIIT\\Project\\notification-service\\node_modules\\router\\index.js:435:11)\n    at Layer.handleRequest (C:\\Users\\KIIT\\Project\\notification-service\\node_modules\\router\\lib\\layer.js:152:17)\n    at C:\\Users\\KIIT\\Project\\notification-service\\node_modules\\router\\index.js:295:15\n    at processParams (C:\\Users\\KIIT\\Project\\notification-service\\node_modules\\router\\index.js:582:12)\n    at next (C:\\Users\\KIIT\\Project\\notification-service\\node_modules\\router\\index.js:291:5)\n    at Function.handle (C:\\Users\\KIIT\\Project\\notification-service\\node_modules\\router\\index.js:186:3)","timestamp":"2025-05-17T19:29:48.952Z"}
{"level":"info","message":"Found 0 failed notifications to retry","timestamp":"2025-05-17T19:32:55.744Z"}
{"level":"info","message":"MongoDB connected","timestamp":"2025-05-17T19:34:02.283Z"}
{"level":"info","message":"Kafka connection established","timestamp":"2025-05-17T19:34:02.331Z"}
{"level":"info","message":"Retry service started","timestamp":"2025-05-17T19:34:10.496Z"}
{"level":"info","message":"Server running on port 3000","timestamp":"2025-05-17T19:34:10.505Z"}
{"level":"info","message":"Found 0 failed notifications to retry","timestamp":"2025-05-17T19:39:10.518Z"}
{"level":"info","message":"Found 0 failed notifications to retry","timestamp":"2025-05-17T19:44:10.512Z"}
{"level":"info","message":"Found 0 failed notifications to retry","timestamp":"2025-05-17T19:49:10.514Z"}
{"level":"info","message":"Notification queued: 6828e8a679baaf48f0059c8e","timestamp":"2025-05-17T19:51:03.062Z"}
{"code":"EAUTH","command":"AUTH PLAIN","level":"error","message":"Failed to send email Invalid login: 535-5.7.8 Username and Password not accepted. For more information, go to\n535 5.7.8  https://support.google.com/mail/?p=BadCredentials d9443c01a7336-231d4ed5b11sm34049875ad.243 - gsmtp","response":"535-5.7.8 Username and Password not accepted. For more information, go to\n535 5.7.8  https://support.google.com/mail/?p=BadCredentials d9443c01a7336-231d4ed5b11sm34049875ad.243 - gsmtp","responseCode":535,"stack":"Error: Invalid login: 535-5.7.8 Username and Password not accepted. For more information, go to\n535 5.7.8  https://support.google.com/mail/?p=BadCredentials d9443c01a7336-231d4ed5b11sm34049875ad.243 - gsmtp\n    at SMTPConnection._formatError (C:\\Users\\KIIT\\Project\\notification-service\\node_modules\\nodemailer\\lib\\smtp-connection\\index.js:809:19)\n    at SMTPConnection._actionAUTHComplete (C:\\Users\\KIIT\\Project\\notification-service\\node_modules\\nodemailer\\lib\\smtp-connection\\index.js:1588:34)\n    at SMTPConnection.<anonymous> (C:\\Users\\KIIT\\Project\\notification-service\\node_modules\\nodemailer\\lib\\smtp-connection\\index.js:556:26)\n    at SMTPConnection._processResponse (C:\\Users\\KIIT\\Project\\notification-service\\node_modules\\nodemailer\\lib\\smtp-connection\\index.js:993:20)\n    at SMTPConnection._onData (C:\\Users\\KIIT\\Project\\notification-service\\node_modules\\nodemailer\\lib\\smtp-connection\\index.js:774:14)\n    at SMTPConnection._onSocketData (C:\\Users\\KIIT\\Project\\notification-service\\node_modules\\nodemailer\\lib\\smtp-connection\\index.js:195:44)\n    at TLSSocket.emit (node:events:524:28)\n    at addChunk (node:internal/streams/readable:561:12)\n    at readableAddChunkPushByteMode (node:internal/streams/readable:512:3)\n    at Readable.push (node:internal/streams/readable:392:5)","timestamp":"2025-05-17T19:51:05.276Z"}
{"level":"info","message":"Notification 6828e8a679baaf48f0059c8e processed with status: pending","timestamp":"2025-05-17T19:51:05.287Z"}
{"level":"info","message":"Found 0 failed notifications to retry","timestamp":"2025-05-17T19:54:10.529Z"}
{"level":"info","message":"Notification queued: 6828e96f79baaf48f0059c95","timestamp":"2025-05-17T19:54:23.116Z"}
{"code":"EAUTH","command":"AUTH PLAIN","level":"error","message":"Failed to send email Invalid login: 535-5.7.8 Username and Password not accepted. For more information, go to\n535 5.7.8  https://support.google.com/mail/?p=BadCredentials 98e67ed59e1d1-30e833da84csm3461348a91.10 - gsmtp","response":"535-5.7.8 Username and Password not accepted. For more information, go to\n535 5.7.8  https://support.google.com/mail/?p=BadCredentials 98e67ed59e1d1-30e833da84csm3461348a91.10 - gsmtp","responseCode":535,"stack":"Error: Invalid login: 535-5.7.8 Username and Password not accepted. For more information, go to\n535 5.7.8  https://support.google.com/mail/?p=BadCredentials 98e67ed59e1d1-30e833da84csm3461348a91.10 - gsmtp\n    at SMTPConnection._formatError (C:\\Users\\KIIT\\Project\\notification-service\\node_modules\\nodemailer\\lib\\smtp-connection\\index.js:809:19)\n    at SMTPConnection._actionAUTHComplete (C:\\Users\\KIIT\\Project\\notification-service\\node_modules\\nodemailer\\lib\\smtp-connection\\index.js:1588:34)\n    at SMTPConnection.<anonymous> (C:\\Users\\KIIT\\Project\\notification-service\\node_modules\\nodemailer\\lib\\smtp-connection\\index.js:556:26)\n    at SMTPConnection._processResponse (C:\\Users\\KIIT\\Project\\notification-service\\node_modules\\nodemailer\\lib\\smtp-connection\\index.js:993:20)\n    at SMTPConnection._onData (C:\\Users\\KIIT\\Project\\notification-service\\node_modules\\nodemailer\\lib\\smtp-connection\\index.js:774:14)\n    at SMTPConnection._onSocketData (C:\\Users\\KIIT\\Project\\notification-service\\node_modules\\nodemailer\\lib\\smtp-connection\\index.js:195:44)\n    at TLSSocket.emit (node:events:524:28)\n    at addChunk (node:internal/streams/readable:561:12)\n    at readableAddChunkPushByteMode (node:internal/streams/readable:512:3)\n    at Readable.push (node:internal/streams/readable:392:5)","timestamp":"2025-05-17T19:54:25.061Z"}
{"level":"info","message":"Notification 6828e96f79baaf48f0059c95 processed with status: pending","timestamp":"2025-05-17T19:54:25.064Z"}
{"kind":"ObjectId","level":"error","message":"Error in getUserNotifications Cast to ObjectId failed for value \"6828e7f179baaf48f0059c8a \" (type string) at path \"_id\" for model \"User\"","path":"_id","reason":{},"stack":"CastError: Cast to ObjectId failed for value \"6828e7f179baaf48f0059c8a \" (type string) at path \"_id\" for model \"User\"\n    at SchemaObjectId.cast (C:\\Users\\KIIT\\Project\\notification-service\\node_modules\\mongoose\\lib\\schema\\objectId.js:251:11)\n    at SchemaType.applySetters (C:\\Users\\KIIT\\Project\\notification-service\\node_modules\\mongoose\\lib\\schemaType.js:1255:12)\n    at SchemaType.castForQuery (C:\\Users\\KIIT\\Project\\notification-service\\node_modules\\mongoose\\lib\\schemaType.js:1673:17)\n    at cast (C:\\Users\\KIIT\\Project\\notification-service\\node_modules\\mongoose\\lib\\cast.js:390:32)\n    at Query.cast (C:\\Users\\KIIT\\Project\\notification-service\\node_modules\\mongoose\\lib\\query.js:5055:12)\n    at Query._castConditions (C:\\Users\\KIIT\\Project\\notification-service\\node_modules\\mongoose\\lib\\query.js:2351:10)\n    at model.Query._findOne (C:\\Users\\KIIT\\Project\\notification-service\\node_modules\\mongoose\\lib\\query.js:2674:8)\n    at model.Query.exec (C:\\Users\\KIIT\\Project\\notification-service\\node_modules\\mongoose\\lib\\query.js:4604:80)\n    at process.processTicksAndRejections (node:internal/process/task_queues:105:5)\n    at async getUserNotifications (C:\\Users\\KIIT\\Project\\notification-service\\controllers\\notificationController.js:84:18)","stringValue":"\"6828e7f179baaf48f0059c8a \"","timestamp":"2025-05-17T19:56:13.053Z","value":"6828e7f179baaf48f0059c8a ","valueType":"string"}
{"level":"info","message":"Found 0 failed notifications to retry","timestamp":"2025-05-17T19:59:10.529Z"}
{"level":"info","message":"Found 0 failed notifications to retry","timestamp":"2025-05-17T20:04:10.536Z"}
{"level":"info","message":"Notification queued: 6828ec2179baaf48f0059ca2","timestamp":"2025-05-17T20:05:53.131Z"}
{"code":"EAUTH","command":"AUTH PLAIN","level":"error","message":"Failed to send email Invalid login: 535-5.7.8 Username and Password not accepted. For more information, go to\n535 5.7.8  https://support.google.com/mail/?p=BadCredentials d9443c01a7336-231d4ed5b06sm34184335ad.247 - gsmtp","response":"535-5.7.8 Username and Password not accepted. For more information, go to\n535 5.7.8  https://support.google.com/mail/?p=BadCredentials d9443c01a7336-231d4ed5b06sm34184335ad.247 - gsmtp","responseCode":535,"stack":"Error: Invalid login: 535-5.7.8 Username and Password not accepted. For more information, go to\n535 5.7.8  https://support.google.com/mail/?p=BadCredentials d9443c01a7336-231d4ed5b06sm34184335ad.247 - gsmtp\n    at SMTPConnection._formatError (C:\\Users\\KIIT\\Project\\notification-service\\node_modules\\nodemailer\\lib\\smtp-connection\\index.js:809:19)\n    at SMTPConnection._actionAUTHComplete (C:\\Users\\KIIT\\Project\\notification-service\\node_modules\\nodemailer\\lib\\smtp-connection\\index.js:1588:34)\n    at SMTPConnection.<anonymous> (C:\\Users\\KIIT\\Project\\notification-service\\node_modules\\nodemailer\\lib\\smtp-connection\\index.js:556:26)\n    at SMTPConnection._processResponse (C:\\Users\\KIIT\\Project\\notification-service\\node_modules\\nodemailer\\lib\\smtp-connection\\index.js:993:20)\n    at SMTPConnection._onData (C:\\Users\\KIIT\\Project\\notification-service\\node_modules\\nodemailer\\lib\\smtp-connection\\index.js:774:14)\n    at SMTPConnection._onSocketData (C:\\Users\\KIIT\\Project\\notification-service\\node_modules\\nodemailer\\lib\\smtp-connection\\index.js:195:44)\n    at TLSSocket.emit (node:events:524:28)\n    at addChunk (node:internal/streams/readable:561:12)\n    at readableAddChunkPushByteMode (node:internal/streams/readable:512:3)\n    at Readable.push (node:internal/streams/readable:392:5)","timestamp":"2025-05-17T20:05:55.033Z"}
{"level":"info","message":"Notification 6828ec2179baaf48f0059ca2 processed with status: pending","timestamp":"2025-05-17T20:05:55.036Z"}
{"level":"info","message":"Found 0 failed notifications to retry","timestamp":"2025-05-17T20:09:10.545Z"}
{"level":"info","message":"Found 0 failed notifications to retry","timestamp":"2025-05-17T20:14:10.550Z"}
{"level":"info","message":"MongoDB connected","timestamp":"2025-05-17T20:18:33.876Z"}
{"level":"info","message":"Kafka connection established","timestamp":"2025-05-17T20:18:34.116Z"}
{"level":"info","message":"Retry service started","timestamp":"2025-05-17T20:18:38.280Z"}
{"level":"info","message":"Server running on port 3000","timestamp":"2025-05-17T20:18:38.415Z"}
{"level":"info","message":"Found 0 failed notifications to retry","timestamp":"2025-05-17T20:19:10.552Z"}
{"level":"info","message":"Notification queued: 6828ef5a79baaf48f0059cae","timestamp":"2025-05-17T20:19:39.017Z"}
{"code":"EAUTH","command":"AUTH PLAIN","level":"error","message":"Failed to send email Invalid login: 535-5.7.8 Username and Password not accepted. For more information, go to\n535 5.7.8  https://support.google.com/mail/?p=BadCredentials 98e67ed59e1d1-30e33435b25sm7328417a91.17 - gsmtp","response":"535-5.7.8 Username and Password not accepted. For more information, go to\n535 5.7.8  https://support.google.com/mail/?p=BadCredentials 98e67ed59e1d1-30e33435b25sm7328417a91.17 - gsmtp","responseCode":535,"stack":"Error: Invalid login: 535-5.7.8 Username and Password not accepted. For more information, go to\n535 5.7.8  https://support.google.com/mail/?p=BadCredentials 98e67ed59e1d1-30e33435b25sm7328417a91.17 - gsmtp\n    at SMTPConnection._formatError (C:\\Users\\KIIT\\Project\\notification-service\\node_modules\\nodemailer\\lib\\smtp-connection\\index.js:809:19)\n    at SMTPConnection._actionAUTHComplete (C:\\Users\\KIIT\\Project\\notification-service\\node_modules\\nodemailer\\lib\\smtp-connection\\index.js:1588:34)\n    at SMTPConnection.<anonymous> (C:\\Users\\KIIT\\Project\\notification-service\\node_modules\\nodemailer\\lib\\smtp-connection\\index.js:556:26)\n    at SMTPConnection._processResponse (C:\\Users\\KIIT\\Project\\notification-service\\node_modules\\nodemailer\\lib\\smtp-connection\\index.js:993:20)\n    at SMTPConnection._onData (C:\\Users\\KIIT\\Project\\notification-service\\node_modules\\nodemailer\\lib\\smtp-connection\\index.js:774:14)\n    at SMTPConnection._onSocketData (C:\\Users\\KIIT\\Project\\notification-service\\node_modules\\nodemailer\\lib\\smtp-connection\\index.js:195:44)\n    at TLSSocket.emit (node:events:524:28)\n    at addChunk (node:internal/streams/readable:561:12)\n    at readableAddChunkPushByteMode (node:internal/streams/readable:512:3)\n    at Readable.push (node:internal/streams/readable:392:5)","timestamp":"2025-05-17T20:19:41.021Z"}
{"level":"info","message":"Notification 6828ef5a79baaf48f0059cae processed with status: pending","timestamp":"2025-05-17T20:19:41.040Z"}
{"level":"info","message":"Found 0 failed notifications to retry","timestamp":"2025-05-17T20:23:38.291Z"}
{"level":"info","message":"Found 0 failed notifications to retry","timestamp":"2025-05-17T20:24:10.557Z"}
{"level":"info","message":"Notification queued: 6828f08779baaf48f0059cb4","timestamp":"2025-05-17T20:24:39.062Z"}
{"code":21603,"level":"error","message":"Failed to send SMS A 'From' or 'MessagingServiceSid' parameter is required to send a message","moreInfo":"https://www.twilio.com/docs/errors/21603","stack":"Error: A 'From' or 'MessagingServiceSid' parameter is required to send a message\n    at success (C:\\Users\\KIIT\\Project\\notification-service\\node_modules\\twilio\\lib\\base\\Version.js:79:23)\n    at process.processTicksAndRejections (node:internal/process/task_queues:105:5)\n    at async Object.sendSMS (C:\\Users\\KIIT\\Project\\notification-service\\services\\smsService.js:31:21)\n    at async processNotification (C:\\Users\\KIIT\\Project\\notification-service\\services\\notificationProcessor.js:57:18)\n    at async Runner.eachMessage (C:\\Users\\KIIT\\Project\\notification-service\\services\\kafkaService.js:53:9)\n    at async Runner.processEachMessage (C:\\Users\\KIIT\\Project\\notification-service\\node_modules\\kafkajs\\src\\consumer\\runner.js:231:9)\n    at async onBatch (C:\\Users\\KIIT\\Project\\notification-service\\node_modules\\kafkajs\\src\\consumer\\runner.js:447:9)\n    at async Runner.handleBatch (C:\\Users\\KIIT\\Project\\notification-service\\node_modules\\kafkajs\\src\\consumer\\runner.js:461:5)\n    at async C:\\Users\\KIIT\\Project\\notification-service\\node_modules\\kafkajs\\src\\consumer\\worker.js:29:9","status":400,"timestamp":"2025-05-17T20:24:42.728Z"}
{"level":"info","message":"Notification 6828f08779baaf48f0059cb4 processed with status: pending","timestamp":"2025-05-17T20:24:42.735Z"}
{"level":"info","message":"Found 0 failed notifications to retry","timestamp":"2025-05-17T20:28:38.299Z"}
{"level":"info","message":"Found 0 failed notifications to retry","timestamp":"2025-05-17T20:29:10.574Z"}
{"level":"info","message":"MongoDB connected","timestamp":"2025-05-17T20:29:42.168Z"}
{"level":"info","message":"Kafka connection established","timestamp":"2025-05-17T20:29:42.219Z"}
{"level":"info","message":"Retry service started","timestamp":"2025-05-17T20:29:46.957Z"}
{"level":"info","message":"Server running on port 3000","timestamp":"2025-05-17T20:29:46.959Z"}
{"level":"info","message":"Notification queued: 6828f1d079baaf48f0059cba","timestamp":"2025-05-17T20:30:08.411Z"}
{"code":"EAUTH","command":"AUTH PLAIN","level":"error","message":"Failed to send email Invalid login: 535-5.7.8 Username and Password not accepted. For more information, go to\n535 5.7.8  https://support.google.com/mail/?p=BadCredentials d9443c01a7336-231d4e980c0sm34300005ad.126 - gsmtp","response":"535-5.7.8 Username and Password not accepted. For more information, go to\n535 5.7.8  https://support.google.com/mail/?p=BadCredentials d9443c01a7336-231d4e980c0sm34300005ad.126 - gsmtp","responseCode":535,"stack":"Error: Invalid login: 535-5.7.8 Username and Password not accepted. For more information, go to\n535 5.7.8  https://support.google.com/mail/?p=BadCredentials d9443c01a7336-231d4e980c0sm34300005ad.126 - gsmtp\n    at SMTPConnection._formatError (C:\\Users\\KIIT\\Project\\notification-service\\node_modules\\nodemailer\\lib\\smtp-connection\\index.js:809:19)\n    at SMTPConnection._actionAUTHComplete (C:\\Users\\KIIT\\Project\\notification-service\\node_modules\\nodemailer\\lib\\smtp-connection\\index.js:1588:34)\n    at SMTPConnection.<anonymous> (C:\\Users\\KIIT\\Project\\notification-service\\node_modules\\nodemailer\\lib\\smtp-connection\\index.js:556:26)\n    at SMTPConnection._processResponse (C:\\Users\\KIIT\\Project\\notification-service\\node_modules\\nodemailer\\lib\\smtp-connection\\index.js:993:20)\n    at SMTPConnection._onData (C:\\Users\\KIIT\\Project\\notification-service\\node_modules\\nodemailer\\lib\\smtp-connection\\index.js:774:14)\n    at SMTPConnection._onSocketData (C:\\Users\\KIIT\\Project\\notification-service\\node_modules\\nodemailer\\lib\\smtp-connection\\index.js:195:44)\n    at TLSSocket.emit (node:events:524:28)\n    at addChunk (node:internal/streams/readable:561:12)\n    at readableAddChunkPushByteMode (node:internal/streams/readable:512:3)\n    at Readable.push (node:internal/streams/readable:392:5)","timestamp":"2025-05-17T20:30:10.323Z"}
{"level":"info","message":"Notification 6828f1d079baaf48f0059cba processed with status: pending","timestamp":"2025-05-17T20:30:10.327Z"}
{"level":"info","message":"Found 0 failed notifications to retry","timestamp":"2025-05-17T20:33:38.302Z"}
{"level":"info","message":"Found 0 failed notifications to retry","timestamp":"2025-05-17T20:34:10.586Z"}
{"level":"info","message":"Found 0 failed notifications to retry","timestamp":"2025-05-17T20:34:46.975Z"}
{"level":"info","message":"Found 0 failed notifications to retry","timestamp":"2025-05-17T20:38:38.305Z"}
{"level":"info","message":"Found 0 failed notifications to retry","timestamp":"2025-05-17T20:39:10.593Z"}
{"level":"info","message":"Found 0 failed notifications to retry","timestamp":"2025-05-17T20:39:46.968Z"}
{"level":"info","message":"Found 0 failed notifications to retry","timestamp":"2025-05-17T20:43:38.304Z"}
{"level":"info","message":"MongoDB connected","timestamp":"2025-05-17T20:43:54.687Z"}
{"level":"info","message":"Kafka connection established","timestamp":"2025-05-17T20:43:54.731Z"}
{"level":"info","message":"Retry service started","timestamp":"2025-05-17T20:43:58.705Z"}
{"level":"info","message":"Server running on port 3000","timestamp":"2025-05-17T20:43:58.708Z"}
{"level":"info","message":"Found 0 failed notifications to retry","timestamp":"2025-05-17T20:44:10.604Z"}
{"level":"info","message":"Found 0 failed notifications to retry","timestamp":"2025-05-17T20:44:46.971Z"}
{"level":"info","message":"Notification queued: 6828f5cc79baaf48f0059cc2","timestamp":"2025-05-17T20:47:08.521Z"}
{"code":"EAUTH","command":"AUTH PLAIN","level":"error","message":"Failed to send email Invalid login: 535-5.7.8 Username and Password not accepted. For more information, go to\n535 5.7.8  https://support.google.com/mail/?p=BadCredentials d2e1a72fcca58-742a98a3331sm3675066b3a.178 - gsmtp","response":"535-5.7.8 Username and Password not accepted. For more information, go to\n535 5.7.8  https://support.google.com/mail/?p=BadCredentials d2e1a72fcca58-742a98a3331sm3675066b3a.178 - gsmtp","responseCode":535,"stack":"Error: Invalid login: 535-5.7.8 Username and Password not accepted. For more information, go to\n535 5.7.8  https://support.google.com/mail/?p=BadCredentials d2e1a72fcca58-742a98a3331sm3675066b3a.178 - gsmtp\n    at SMTPConnection._formatError (C:\\Users\\KIIT\\Project\\notification-service\\node_modules\\nodemailer\\lib\\smtp-connection\\index.js:809:19)\n    at SMTPConnection._actionAUTHComplete (C:\\Users\\KIIT\\Project\\notification-service\\node_modules\\nodemailer\\lib\\smtp-connection\\index.js:1588:34)\n    at SMTPConnection.<anonymous> (C:\\Users\\KIIT\\Project\\notification-service\\node_modules\\nodemailer\\lib\\smtp-connection\\index.js:556:26)\n    at SMTPConnection._processResponse (C:\\Users\\KIIT\\Project\\notification-service\\node_modules\\nodemailer\\lib\\smtp-connection\\index.js:993:20)\n    at SMTPConnection._onData (C:\\Users\\KIIT\\Project\\notification-service\\node_modules\\nodemailer\\lib\\smtp-connection\\index.js:774:14)\n    at SMTPConnection._onSocketData (C:\\Users\\KIIT\\Project\\notification-service\\node_modules\\nodemailer\\lib\\smtp-connection\\index.js:195:44)\n    at TLSSocket.emit (node:events:524:28)\n    at addChunk (node:internal/streams/readable:561:12)\n    at readableAddChunkPushByteMode (node:internal/streams/readable:512:3)\n    at Readable.push (node:internal/streams/readable:392:5)","timestamp":"2025-05-17T20:47:10.394Z"}
{"level":"info","message":"Notification 6828f5cc79baaf48f0059cc2 processed with status: pending","timestamp":"2025-05-17T20:47:10.398Z"}
{"level":"info","message":"Found 0 failed notifications to retry","timestamp":"2025-05-17T20:48:38.318Z"}
{"level":"info","message":"Found 0 failed notifications to retry","timestamp":"2025-05-17T20:48:58.731Z"}
{"level":"info","message":"Found 0 failed notifications to retry","timestamp":"2025-05-17T20:49:10.604Z"}
{"level":"info","message":"Found 0 failed notifications to retry","timestamp":"2025-05-17T20:49:46.975Z"}
{"level":"info","message":"Found 0 failed notifications to retry","timestamp":"2025-05-17T20:53:38.323Z"}
{"level":"info","message":"Found 0 failed notifications to retry","timestamp":"2025-05-17T20:53:58.733Z"}
{"level":"info","message":"Found 0 failed notifications to retry","timestamp":"2025-05-17T20:54:10.617Z"}
{"level":"info","message":"Found 0 failed notifications to retry","timestamp":"2025-05-17T20:54:46.978Z"}
{"level":"info","message":"Notification queued: 6828f86279baaf48f0059cce","timestamp":"2025-05-17T20:58:11.000Z"}
{"code":"EAUTH","command":"AUTH PLAIN","level":"error","message":"Failed to send email Invalid login: 535-5.7.8 Username and Password not accepted. For more information, go to\n535 5.7.8  https://support.google.com/mail/?p=BadCredentials d9443c01a7336-231d4e98134sm34314855ad.148 - gsmtp","response":"535-5.7.8 Username and Password not accepted. For more information, go to\n535 5.7.8  https://support.google.com/mail/?p=BadCredentials d9443c01a7336-231d4e98134sm34314855ad.148 - gsmtp","responseCode":535,"stack":"Error: Invalid login: 535-5.7.8 Username and Password not accepted. For more information, go to\n535 5.7.8  https://support.google.com/mail/?p=BadCredentials d9443c01a7336-231d4e98134sm34314855ad.148 - gsmtp\n    at SMTPConnection._formatError (C:\\Users\\KIIT\\Project\\notification-service\\node_modules\\nodemailer\\lib\\smtp-connection\\index.js:809:19)\n    at SMTPConnection._actionAUTHComplete (C:\\Users\\KIIT\\Project\\notification-service\\node_modules\\nodemailer\\lib\\smtp-connection\\index.js:1588:34)\n    at SMTPConnection.<anonymous> (C:\\Users\\KIIT\\Project\\notification-service\\node_modules\\nodemailer\\lib\\smtp-connection\\index.js:556:26)\n    at SMTPConnection._processResponse (C:\\Users\\KIIT\\Project\\notification-service\\node_modules\\nodemailer\\lib\\smtp-connection\\index.js:993:20)\n    at SMTPConnection._onData (C:\\Users\\KIIT\\Project\\notification-service\\node_modules\\nodemailer\\lib\\smtp-connection\\index.js:774:14)\n    at SMTPConnection._onSocketData (C:\\Users\\KIIT\\Project\\notification-service\\node_modules\\nodemailer\\lib\\smtp-connection\\index.js:195:44)\n    at TLSSocket.emit (node:events:524:28)\n    at addChunk (node:internal/streams/readable:561:12)\n    at readableAddChunkPushByteMode (node:internal/streams/readable:512:3)\n    at Readable.push (node:internal/streams/readable:392:5)","timestamp":"2025-05-17T20:58:13.019Z"}
{"level":"info","message":"Notification 6828f86279baaf48f0059cce processed with status: pending","timestamp":"2025-05-17T20:58:13.023Z"}
{"level":"info","message":"Found 0 failed notifications to retry","timestamp":"2025-05-17T20:58:38.337Z"}
{"level":"info","message":"Found 0 failed notifications to retry","timestamp":"2025-05-17T20:58:58.737Z"}
{"level":"info","message":"Found 0 failed notifications to retry","timestamp":"2025-05-17T20:59:10.621Z"}
{"level":"info","message":"Found 0 failed notifications to retry","timestamp":"2025-05-17T20:59:46.978Z"}
{"level":"info","message":"Found 0 failed notifications to retry","timestamp":"2025-05-17T21:03:38.350Z"}
{"level":"info","message":"Found 0 failed notifications to retry","timestamp":"2025-05-17T21:03:58.744Z"}
{"level":"info","message":"Shutting down server...","timestamp":"2025-05-17T21:04:01.696Z"}
{"level":"info","message":"Found 0 failed notifications to retry","timestamp":"2025-05-17T21:04:10.625Z"}
{"level":"info","message":"Found 0 failed notifications to retry","timestamp":"2025-05-17T21:04:46.977Z"}
{"level":"info","message":"Found 0 failed notifications to retry","timestamp":"2025-05-17T21:08:38.353Z"}
{"level":"info","message":"Found 0 failed notifications to retry","timestamp":"2025-05-17T21:09:10.632Z"}
{"level":"info","message":"Found 0 failed notifications to retry","timestamp":"2025-05-17T21:09:46.977Z"}
{"level":"info","message":"Found 0 failed notifications to retry","timestamp":"2025-05-17T21:13:38.362Z"}
{"level":"info","message":"Found 0 failed notifications to retry","timestamp":"2025-05-17T21:14:10.632Z"}
{"level":"info","message":"Found 0 failed notifications to retry","timestamp":"2025-05-17T21:14:46.983Z"}
{"level":"info","message":"Found 0 failed notifications to retry","timestamp":"2025-05-17T21:18:38.372Z"}
{"level":"info","message":"Found 0 failed notifications to retry","timestamp":"2025-05-17T21:19:10.635Z"}
{"level":"info","message":"Found 0 failed notifications to retry","timestamp":"2025-05-17T21:19:46.983Z"}
{"level":"info","message":"MongoDB connected","timestamp":"2025-05-17T21:22:58.405Z"}
{"level":"info","message":"Kafka connection established","timestamp":"2025-05-17T21:22:58.451Z"}
{"level":"info","message":"Retry service started","timestamp":"2025-05-17T21:22:59.168Z"}
{"level":"info","message":"Server running on port 3000","timestamp":"2025-05-17T21:22:59.171Z"}
{"level":"info","message":"Notification queued: 6828fe5179baaf48f0059cd9","timestamp":"2025-05-17T21:23:29.779Z"}
{"code":"EAUTH","command":"AUTH PLAIN","level":"error","message":"Failed to send email Invalid login: 535-5.7.8 Username and Password not accepted. For more information, go to\n535 5.7.8  https://support.google.com/mail/?p=BadCredentials 41be03b00d2f7-b26eaf8e114sm3637559a12.44 - gsmtp","response":"535-5.7.8 Username and Password not accepted. For more information, go to\n535 5.7.8  https://support.google.com/mail/?p=BadCredentials 41be03b00d2f7-b26eaf8e114sm3637559a12.44 - gsmtp","responseCode":535,"stack":"Error: Invalid login: 535-5.7.8 Username and Password not accepted. For more information, go to\n535 5.7.8  https://support.google.com/mail/?p=BadCredentials 41be03b00d2f7-b26eaf8e114sm3637559a12.44 - gsmtp\n    at SMTPConnection._formatError (C:\\Users\\KIIT\\Project\\notification-service\\node_modules\\nodemailer\\lib\\smtp-connection\\index.js:809:19)\n    at SMTPConnection._actionAUTHComplete (C:\\Users\\KIIT\\Project\\notification-service\\node_modules\\nodemailer\\lib\\smtp-connection\\index.js:1588:34)\n    at SMTPConnection.<anonymous> (C:\\Users\\KIIT\\Project\\notification-service\\node_modules\\nodemailer\\lib\\smtp-connection\\index.js:556:26)\n    at SMTPConnection._processResponse (C:\\Users\\KIIT\\Project\\notification-service\\node_modules\\nodemailer\\lib\\smtp-connection\\index.js:993:20)\n    at SMTPConnection._onData (C:\\Users\\KIIT\\Project\\notification-service\\node_modules\\nodemailer\\lib\\smtp-connection\\index.js:774:14)\n    at SMTPConnection._onSocketData (C:\\Users\\KIIT\\Project\\notification-service\\node_modules\\nodemailer\\lib\\smtp-connection\\index.js:195:44)\n    at TLSSocket.emit (node:events:524:28)\n    at addChunk (node:internal/streams/readable:561:12)\n    at readableAddChunkPushByteMode (node:internal/streams/readable:512:3)\n    at Readable.push (node:internal/streams/readable:392:5)","timestamp":"2025-05-17T21:23:32.288Z"}
{"level":"info","message":"Notification 6828fe5179baaf48f0059cd9 processed with status: pending","timestamp":"2025-05-17T21:23:32.292Z"}
{"level":"info","message":"Found 0 failed notifications to retry","timestamp":"2025-05-17T21:23:38.376Z"}
{"level":"info","message":"Found 0 failed notifications to retry","timestamp":"2025-05-17T21:24:10.635Z"}
{"level":"info","message":"Found 0 failed notifications to retry","timestamp":"2025-05-17T21:24:46.996Z"}
{"level":"info","message":"Shutting down server...","timestamp":"2025-05-17T21:26:10.796Z"}
{"level":"info","message":"Notification queued: 6828ff1d79baaf48f0059cdf","timestamp":"2025-05-17T21:26:53.763Z"}
{"code":21603,"level":"error","message":"Failed to send SMS A 'From' or 'MessagingServiceSid' parameter is required to send a message","moreInfo":"https://www.twilio.com/docs/errors/21603","stack":"Error: A 'From' or 'MessagingServiceSid' parameter is required to send a message\n    at success (C:\\Users\\KIIT\\Project\\notification-service\\node_modules\\twilio\\lib\\base\\Version.js:79:23)\n    at process.processTicksAndRejections (node:internal/process/task_queues:105:5)\n    at async Object.sendSMS (C:\\Users\\KIIT\\Project\\notification-service\\services\\smsService.js:31:21)\n    at async processNotification (C:\\Users\\KIIT\\Project\\notification-service\\services\\notificationProcessor.js:57:18)\n    at async Runner.eachMessage (C:\\Users\\KIIT\\Project\\notification-service\\services\\kafkaService.js:53:9)\n    at async Runner.processEachMessage (C:\\Users\\KIIT\\Project\\notification-service\\node_modules\\kafkajs\\src\\consumer\\runner.js:231:9)\n    at async onBatch (C:\\Users\\KIIT\\Project\\notification-service\\node_modules\\kafkajs\\src\\consumer\\runner.js:447:9)\n    at async Runner.handleBatch (C:\\Users\\KIIT\\Project\\notification-service\\node_modules\\kafkajs\\src\\consumer\\runner.js:461:5)\n    at async C:\\Users\\KIIT\\Project\\notification-service\\node_modules\\kafkajs\\src\\consumer\\worker.js:29:9","status":400,"timestamp":"2025-05-17T21:26:54.612Z"}
{"level":"info","message":"Notification 6828ff1d79baaf48f0059cdf processed with status: pending","timestamp":"2025-05-17T21:26:54.615Z"}
{"level":"info","message":"Found 0 failed notifications to retry","timestamp":"2025-05-17T21:28:38.383Z"}
{"level":"info","message":"Found 0 failed notifications to retry","timestamp":"2025-05-17T21:29:10.637Z"}
{"level":"info","message":"Found 0 failed notifications to retry","timestamp":"2025-05-17T21:29:46.996Z"}
{"level":"info","message":"Found 0 failed notifications to retry","timestamp":"2025-05-17T21:33:38.385Z"}
{"level":"info","message":"Found 0 failed notifications to retry","timestamp":"2025-05-17T21:34:10.650Z"}
{"level":"info","message":"Found 0 failed notifications to retry","timestamp":"2025-05-17T21:34:47.013Z"}
{"level":"info","message":"MongoDB connected","timestamp":"2025-05-17T21:37:37.168Z"}
{"level":"info","message":"Kafka connection established","timestamp":"2025-05-17T21:37:37.225Z"}
{"level":"info","message":"Retry service started","timestamp":"2025-05-17T21:37:40.231Z"}
{"level":"info","message":"Server running on port 3000","timestamp":"2025-05-17T21:37:40.237Z"}
{"level":"info","message":"Notification queued: 68290216f0c786c2d40e19d1","timestamp":"2025-05-17T21:39:34.624Z"}
{"code":21603,"level":"error","message":"Failed to send SMS A 'From' or 'MessagingServiceSid' parameter is required to send a message","moreInfo":"https://www.twilio.com/docs/errors/21603","stack":"Error: A 'From' or 'MessagingServiceSid' parameter is required to send a message\n    at success (C:\\Users\\KIIT\\Project\\notification-service\\node_modules\\twilio\\lib\\base\\Version.js:79:23)\n    at process.processTicksAndRejections (node:internal/process/task_queues:105:5)\n    at async Object.sendSMS (C:\\Users\\KIIT\\Project\\notification-service\\services\\smsService.js:15:21)\n    at async processNotification (C:\\Users\\KIIT\\Project\\notification-service\\services\\notificationProcessor.js:57:18)\n    at async Runner.eachMessage (C:\\Users\\KIIT\\Project\\notification-service\\services\\kafkaService.js:53:9)\n    at async Runner.processEachMessage (C:\\Users\\KIIT\\Project\\notification-service\\node_modules\\kafkajs\\src\\consumer\\runner.js:231:9)\n    at async onBatch (C:\\Users\\KIIT\\Project\\notification-service\\node_modules\\kafkajs\\src\\consumer\\runner.js:447:9)\n    at async Runner.handleBatch (C:\\Users\\KIIT\\Project\\notification-service\\node_modules\\kafkajs\\src\\consumer\\runner.js:461:5)\n    at async C:\\Users\\KIIT\\Project\\notification-service\\node_modules\\kafkajs\\src\\consumer\\worker.js:29:9","status":400,"timestamp":"2025-05-17T21:39:35.232Z"}
{"level":"info","message":"Notification 68290216f0c786c2d40e19d1 processed with status: pending","timestamp":"2025-05-17T21:39:35.241Z"}
{"level":"info","message":"Notification queued: 6829023ff0c786c2d40e19d9","timestamp":"2025-05-17T21:40:15.047Z"}
{"level":"info","message":"Email sent: <8df5fec1-3fd2-e237-e874-83d7a317eac2@gmail.com>","timestamp":"2025-05-17T21:40:18.878Z"}
{"level":"info","message":"Notification 6829023ff0c786c2d40e19d9 processed with status: sent","timestamp":"2025-05-17T21:40:18.885Z"}
{"level":"info","message":"Found 0 failed notifications to retry","timestamp":"2025-05-17T21:42:40.249Z"}
{"level":"info","message":"Shutting down server...","timestamp":"2025-05-17T21:46:56.264Z"}
{"level":"info","message":"MongoDB connected","timestamp":"2025-05-18T18:05:40.543Z"}
{"level":"info","message":"Kafka connection established","timestamp":"2025-05-18T18:05:41.039Z"}
{"level":"info","message":"Retry service started","timestamp":"2025-05-18T18:05:45.387Z"}
{"level":"info","message":"Server running on port 3000","timestamp":"2025-05-18T18:05:45.460Z"}
{"level":"info","message":"Found 0 failed notifications to retry","timestamp":"2025-05-18T18:10:45.440Z"}
{"level":"info","message":"Found 0 failed notifications to retry","timestamp":"2025-05-18T18:15:45.400Z"}
{"level":"info","message":"Found 0 failed notifications to retry","timestamp":"2025-05-18T18:20:45.405Z"}
{"level":"info","message":"Shutting down server...","timestamp":"2025-05-18T18:23:29.455Z"}
{"level":"info","message":"MongoDB connected","timestamp":"2025-05-18T18:29:55.436Z"}
{"level":"info","message":"Kafka connection established","timestamp":"2025-05-18T18:29:55.473Z"}
{"level":"info","message":"Retry service started","timestamp":"2025-05-18T18:29:58.502Z"}
{"level":"info","message":"Server running on port 3000","timestamp":"2025-05-18T18:29:58.508Z"}
{"level":"info","message":"Shutting down server...","timestamp":"2025-05-18T18:34:36.340Z"}
{"level":"info","message":"MongoDB connected","timestamp":"2025-05-18T19:25:07.021Z"}
{"level":"info","message":"Kafka connection established","timestamp":"2025-05-18T19:25:07.070Z"}
{"level":"info","message":"Retry service started","timestamp":"2025-05-18T19:25:10.122Z"}
{"level":"info","message":"Server running on port 3000","timestamp":"2025-05-18T19:25:10.143Z"}
{"level":"info","message":"Shutting down server...","timestamp":"2025-05-18T19:25:35.101Z"}
{"level":"info","message":"MongoDB connected","timestamp":"2025-05-18T19:25:49.417Z"}
{"level":"info","message":"Kafka connection established","timestamp":"2025-05-18T19:25:49.450Z"}
{"level":"info","message":"Retry service started","timestamp":"2025-05-18T19:26:00.180Z"}
{"level":"info","message":"Server running on port 3000","timestamp":"2025-05-18T19:26:00.203Z"}
{"level":"info","message":"Shutting down server...","timestamp":"2025-05-18T19:26:56.524Z"}
{"level":"info","message":"MongoDB connected","timestamp":"2025-05-18T19:27:41.688Z"}
{"level":"info","message":"Kafka connection established","timestamp":"2025-05-18T19:27:41.723Z"}
{"level":"info","message":"Retry service started","timestamp":"2025-05-18T19:27:44.754Z"}
{"level":"info","message":"Server running on port 3000","timestamp":"2025-05-18T19:27:44.774Z"}
{"level":"info","message":"Found 0 failed notifications to retry","timestamp":"2025-05-18T19:32:44.776Z"}
{"level":"info","message":"MongoDB connected","timestamp":"2025-05-18T19:32:49.945Z"}
{"level":"info","message":"Kafka connection established","timestamp":"2025-05-18T19:32:49.982Z"}
{"level":"info","message":"Retry service started","timestamp":"2025-05-18T19:33:14.624Z"}
{"level":"info","message":"Server running on port 3000","timestamp":"2025-05-18T19:33:14.646Z"}
{"level":"info","message":"Found 0 failed notifications to retry","timestamp":"2025-05-18T19:38:14.659Z"}
{"level":"info","message":"MongoDB connected","timestamp":"2025-05-18T19:39:20.116Z"}
{"level":"info","message":"Kafka connection established","timestamp":"2025-05-18T19:39:20.149Z"}
{"level":"info","message":"MongoDB connected","timestamp":"2025-05-18T19:39:29.147Z"}
{"level":"info","message":"Kafka connection established","timestamp":"2025-05-18T19:39:29.182Z"}
{"level":"info","message":"MongoDB connected","timestamp":"2025-05-18T19:40:09.770Z"}
{"level":"info","message":"Kafka connection established","timestamp":"2025-05-18T19:40:09.812Z"}
{"level":"info","message":"Retry service started","timestamp":"2025-05-18T19:40:39.819Z"}
{"level":"info","message":"Server running on port 3000","timestamp":"2025-05-18T19:40:39.838Z"}
{"level":"info","message":"MongoDB connected","timestamp":"2025-05-19T02:08:37.659Z"}
{"cause":{"broker":"localhost:9092","code":"ECONNREFUSED","name":"KafkaJSConnectionError","retriable":true},"level":"error","message":"Failed to connect to Kafka Connection error: ","name":"KafkaJSNumberOfRetriesExceeded","retriable":false,"retryCount":5,"retryTime":8480,"stack":"KafkaJSNonRetriableError\n  Caused by: KafkaJSConnectionError: Connection error: \n    at Socket.onError (C:\\Users\\KIIT\\Project\\notification-service\\backend\\node_modules\\kafkajs\\src\\network\\connection.js:210:23)\n    at Socket.emit (node:events:524:28)\n    at emitErrorNT (node:internal/streams/destroy:170:8)\n    at emitErrorCloseNT (node:internal/streams/destroy:129:3)\n    at process.processTicksAndRejections (node:internal/process/task_queues:90:21)","timestamp":"2025-05-19T02:08:46.167Z"}
